{
    "baz": "quux",
    "foo": {
        "foo": "bar"
    }
}
