{
    "baz": "testing 1",
    "foo": {
        "foo": "testing 2"
    }
}
