{
    "value1": {
        "typeName": "int",
        "propertyConstructor": "Function: anonymous function"
    },
    "value2": {
        "typeName": "string",
        "propertyConstructor": "Function: anonymous function"
    }
}
