{
    "value1": {
        "typeName": "string",
        "propertyConstructor": "Function: propertyConstructor"
    }
}
