{
    "test1": {
        "type": "string",
        "propertyConstructor": "Function: anonymous function"
    },
    "__keys": [
        "test1"
    ]
}
